// Jest Snapshot v1, https://goo.gl/fbAQLP

exports[`Recipe grid component matches snapshot 1`] = `Array []`;
