// Jest Snapshot v1, https://goo.gl/fbAQLP

exports[`Delete recipe button component matches snapshot 1`] = `
<div>
  <button
    className="btn btn-danger ml-3"
    data-target="#deleteModal-undefined"
    data-toggle="modal"
    data-whatever="@getbootstrap"
    type="button"
  >
    <i
      aria-hidden="true"
      className="fa fa-times"
    />
  </button>
</div>
`;
