// Jest Snapshot v1, https://goo.gl/fbAQLP

exports[`Favorite button component matches snapshot 1`] = `
<div>
  <button
    className="btn btn-orange mr-2 favorite"
    type="button"
  >
    <i
      aria-hidden="true"
      className="fa fa-heart fa-2x favorite-btn"
      onClick={[Function]}
    />
  </button>
  <span
    className="mr-2"
  />
</div>
`;
