// Jest Snapshot v1, https://goo.gl/fbAQLP

exports[`Edit modal component matches snapshot 1`] = `
<div
  aria-hidden="true"
  aria-labelledby="exampleModalLabel"
  className="modal fade"
  id="editModal"
  role="dialog"
  tabIndex="-1"
>
  <div
    className="modal-dialog"
    role="document"
  >
    <div
      className="modal-content"
    >
      <div
        className="modal-header"
      >
        <h5
          className="modal-title"
          id="exampleModalLabel"
        >
          Update recipe
        </h5>
        <button
          aria-label="Close"
          className="close"
          data-dismiss="modal"
          type="button"
        >
          <span
            aria-hidden="true"
          >
            Ã—
          </span>
        </button>
      </div>
      <div
        className="modal-body"
      >
        <form>
          <div
            className="form-group"
          >
            <div
              className="error-message"
            />
            <label
              className="col-form-label"
              htmlFor="recipient-name"
              id="recipient-name"
            >
              Name
            </label>
            <input
              className="form-control name"
              id="recipient-name"
              name="name"
              onChange={[Function]}
              type="text"
              value=""
            />
          </div>
          <div
            className="form-group"
          >
            <label
              className="col-form-label"
              htmlFor="message-text"
            >
              description
            </label>
            <textarea
              className="form-control"
              id="message-text"
              name="description"
              onChange={[Function]}
              value=""
            />
          </div>
          <div
            className="form-group"
          >
            <label
              className="col-form-label black"
              htmlFor="ingredient"
            >
              Ingredient :
            </label>
            <input
              className="form-control"
              id="ingredient"
              name="ingredient"
              onChange={[Function]}
              type="text"
              value=""
            />
          </div>
          <div
            className="form-group"
          >
            <input
              accept="image/*"
              name="image"
              onChange={[Function]}
              type="file"
            />
          </div>
        </form>
      </div>
      <div
        className="modal-footer"
      >
        <button
          className="btn btn-secondary"
          data-dismiss="modal"
          type="button"
        >
          Close
        </button>
        <button
          className="btn btn-orange editmodal"
          onClick={[Function]}
          type="button"
        >
          Update recipe
        </button>
      </div>
    </div>
  </div>
</div>
`;
