// Jest Snapshot v1, https://goo.gl/fbAQLP

exports[`Recipe card component matches snapshot 1`] = `
<div
  className="col-sm-6 col-md-6 col-lg-4 pt-4 mb-5"
>
  <div
    className="card card-height"
  >
    <img
      className="card-img-top img-max"
    />
    <div
      className="card-body word-warp"
    >
      <Link
        replace={false}
        to="/recipes/undefined"
      >
        <h4
          className="card-title text-center"
        />
      </Link>
    </div>
    <RecipeCardFooter
      recipe={Object {}}
    />
  </div>
</div>
`;
