// Jest Snapshot v1, https://goo.gl/fbAQLP

exports[`Recipe card footer component matches snapshot 1`] = `
<ul
  className="list-group list-group-flush"
>
  <li
    className="list-group-item card-tile"
  >
    <i
      aria-hidden="true"
      className="fa fa-heart fa-2x btn-white"
    >
      <span
        className="small pr-2"
      />
    </i>
    <i
      aria-hidden="true"
      className="fa fa-thumbs-up fa-2x ml-5 btn-white"
    >
      <span
        className="small pr-2"
      />
    </i>
    <i
      aria-hidden="true"
      className="fa fa-thumbs-down fa-2x btn-white"
    >
      <span
        className="small pr-2"
      />
    </i>
  </li>
</ul>
`;
