// Jest Snapshot v1, https://goo.gl/fbAQLP

exports[`Favorite recipe title matches snapshot 1`] = `
<div
  className="row"
>
  <section
    className="col-md-12"
  >
    <h1
      className="title"
    >
      Favorite recipes
    </h1>
    <div>
      <hr />
    </div>
  </section>
</div>
`;
