// Jest Snapshot v1, https://goo.gl/fbAQLP

exports[`Index main component matches snapshot 1`] = `
<div
  className="container"
>
  <main
    className="row"
  >
    <div
      className="col-sm-12 col-md-12 headline text-center"
    >
      <h1
        className="heading"
      >
        Share your amazing recipe with the world
      </h1>
      <h6
        className="brief"
      >
        More-recipe is built to allow users, share their amazing recipe and learn new recipes from different part of the world.
      </h6>
      <div
        className="quick-access"
      >
        <Link
          replace={false}
          to="/signup"
        >
          <button
            className="btn btn-create"
          >
            Create an account
          </button>
        </Link>
        <p
          className="text-inline"
        >
          Already on More-recipes?
          <Link
            replace={false}
            to="/signin"
          >
              Sign in
          </Link>
        </p>
      </div>
    </div>
  </main>
</div>
`;
