// Jest Snapshot v1, https://goo.gl/fbAQLP

exports[`SignIn Form component matches snapshot 1`] = `
<div
  className="pt-5 mt-5 text-center"
>
  <form
    className="m-x-auto app-login-form card-login"
  >
    <h1
      className="signin-text"
    >
       More-recipe
    </h1>
    <section
      className=""
    >
      <img
        alt=""
        className="img-fluid rounded-circle img-size"
        src="test-file-stub"
      />
    </section>
    <div
      className="error-message"
    />
    <section
      className="pb-4 pt-3"
    >
      <input
        className="form-control"
        name="username"
        placeholder="Username"
        type="name"
        value=""
      />
    </section>
    <section
      className="pb-4"
    >
      <input
        className="form-control"
        name="password"
        placeholder="Password"
        type="password"
        value=""
      />
    </section>
    <div>
      <button
        className="btn btn-block btn-orange"
      >
        Sign In
      </button>
    </div>
    <div
      className="pt-2 pb-4 text-align"
    >
      <a
        href="Forgotpassword"
      >
        Forgotten your password?
      </a>
    </div>
    <div>
      <hr />
    </div>
    <footer>
      <Link
        replace={false}
        to="/signup"
      >
        Create Account
      </Link>
    </footer>
  </form>
</div>
`;
